// Jest Snapshot v1, https://goo.gl/fbAQLP

exports[`App Component App SnapShot Test 1`] = `
<div
  className="app"
>
  <div
    className="reviewHeaderDiv"
  >
    <h2
      className="reviewsHeaderH2"
    >
      Reviews
    </h2>
    <div
      className="bottomDivOfHeader"
    >
      <div
        className="containerForStarReviews"
      >
        <div
          className="star"
        >
          <ion-icon
            name="star"
          />
          <p
            className="averageTotal"
          >
            0
          </p>
        </div>
        <p
          className="average"
        >
          <span
            className="reviewCount"
          >
            0
          </span>
           reviews
        </p>
      </div>
      <div
        className="search"
      >
        <input
          placeholder="Search Reviews"
          type="text"
        />
        <ion-icon
          name="search-outline"
        />
      </div>
    </div>
  </div>
  <div
    className="ratingHolderDiv"
  >
    <div
      className="ratingDiv"
    >
      <p
        className="title"
      >
        Cleanliness
      </p>
      <div
        className="ratingBarAndScore"
      >
        <div
          className="outerLineDiv"
        >
          <div
            className="innerLineDiv"
            style={
              Object {
                "width": "00%",
              }
            }
          />
        </div>
        <p
          className="score"
        >
          0
        </p>
      </div>
    </div>
    <div
      className="ratingDiv"
    >
      <p
        className="title"
      >
        Communication
      </p>
      <div
        className="ratingBarAndScore"
      >
        <div
          className="outerLineDiv"
        >
          <div
            className="innerLineDiv"
            style={
              Object {
                "width": "00%",
              }
            }
          />
        </div>
        <p
          className="score"
        >
          0
        </p>
      </div>
    </div>
    <div
      className="ratingDiv"
    >
      <p
        className="title"
      >
        Value
      </p>
      <div
        className="ratingBarAndScore"
      >
        <div
          className="outerLineDiv"
        >
          <div
            className="innerLineDiv"
            style={
              Object {
                "width": "00%",
              }
            }
          />
        </div>
        <p
          className="score"
        >
          0
        </p>
      </div>
    </div>
    <div
      className="ratingDiv"
    >
      <p
        className="title"
      >
        Accuracy
      </p>
      <div
        className="ratingBarAndScore"
      >
        <div
          className="outerLineDiv"
        >
          <div
            className="innerLineDiv"
            style={
              Object {
                "width": "00%",
              }
            }
          />
        </div>
        <p
          className="score"
        >
          0
        </p>
      </div>
    </div>
    <div
      className="ratingDiv"
    >
      <p
        className="title"
      >
        Check-in
      </p>
      <div
        className="ratingBarAndScore"
      >
        <div
          className="outerLineDiv"
        >
          <div
            className="innerLineDiv"
            style={
              Object {
                "width": "00%",
              }
            }
          />
        </div>
        <p
          className="score"
        >
          0
        </p>
      </div>
    </div>
    <div
      className="ratingDiv"
    >
      <p
        className="title"
      >
        Location
      </p>
      <div
        className="ratingBarAndScore"
      >
        <div
          className="outerLineDiv"
        >
          <div
            className="innerLineDiv"
            style={
              Object {
                "width": "00%",
              }
            }
          />
        </div>
        <p
          className="score"
        >
          0
        </p>
      </div>
    </div>
  </div>
</div>
`;
